// Jest Snapshot v1, https://goo.gl/fbAQLP

exports[`React Native Tapjoy renders with basic hooks 1`] = `<View />`;
